
≡ƒÜÇ Starting test environment...

Γ£à Test environment ready. Using database connection from .env.test

  console.log
    ≡ƒôª Registering 11 models from: C:/Users/LENOVO/Desktop/SQE Project/IDURAR_ERP_CRM/backend/src/models/**/*.js

      at log (tests/integration/setup.js:11:11)

  console.log
       Loading: index.js

      at log (tests/integration/setup.js:14:13)

  console.log
       Loading: Upload.js

      at log (tests/integration/setup.js:14:13)

  console.log
       Loading: Setting.js

      at log (tests/integration/setup.js:14:13)

  console.log
       Loading: AdminPassword.js

      at log (tests/integration/setup.js:14:13)

  console.log
       Loading: Admin.js

      at log (tests/integration/setup.js:14:13)

  console.log
       Loading: Taxes.js

      at log (tests/integration/setup.js:14:13)

  console.log
       Loading: Quote.js

      at log (tests/integration/setup.js:14:13)

  console.log
       Loading: PaymentMode.js

      at log (tests/integration/setup.js:14:13)

  console.log
       Loading: Payment.js

      at log (tests/integration/setup.js:14:13)

  console.log
       Loading: Invoice.js

      at log (tests/integration/setup.js:14:13)

  console.log
       Loading: Client.js

      at log (tests/integration/setup.js:14:13)

  console.log
    Γ£à All models registered

      at log (tests/integration/setup.js:18:11)

  console.log
    html-pdf: Failed to load PhantomJS module. ModuleNotFoundError: Cannot find module 'phantomjs-prebuilt' from 'node_modules/html-pdf/lib/pdf.js'
        at Resolver._throwModNotFoundError (C:\Users\LENOVO\Desktop\SQE Project\IDURAR_ERP_CRM\backend\node_modules\jest-resolve\build\resolver.js:491:11)
        at Resolver.resolveModule (C:\Users\LENOVO\Desktop\SQE Project\IDURAR_ERP_CRM\backend\node_modules\jest-resolve\build\resolver.js:413:10)
        at Resolver._getVirtualMockPath (C:\Users\LENOVO\Desktop\SQE Project\IDURAR_ERP_CRM\backend\node_modules\jest-resolve\build\resolver.js:733:14)
        at Resolver._getAbsolutePath (C:\Users\LENOVO\Desktop\SQE Project\IDURAR_ERP_CRM\backend\node_modules\jest-resolve\build\resolver.js:690:14)
        at Resolver.getModuleID (C:\Users\LENOVO\Desktop\SQE Project\IDURAR_ERP_CRM\backend\node_modules\jest-resolve\build\resolver.js:617:31)
        at Runtime._shouldMockCjs (C:\Users\LENOVO\Desktop\SQE Project\IDURAR_ERP_CRM\backend\node_modules\jest-runtime\build\index.js:1984:37)
        at Runtime.requireModuleOrMock (C:\Users\LENOVO\Desktop\SQE Project\IDURAR_ERP_CRM\backend\node_modules\jest-runtime\build\index.js:1242:14)
        at Object.<anonymous> (C:\Users\LENOVO\Desktop\SQE Project\IDURAR_ERP_CRM\backend\node_modules\html-pdf\lib\pdf.js:7:19)
        at Runtime._execModule (C:\Users\LENOVO\Desktop\SQE Project\IDURAR_ERP_CRM\backend\node_modules\jest-runtime\build\index.js:1714:24)
        at Runtime._loadModule (C:\Users\LENOVO\Desktop\SQE Project\IDURAR_ERP_CRM\backend\node_modules\jest-runtime\build\index.js:1223:12)
        at Runtime.requireModule (C:\Users\LENOVO\Desktop\SQE Project\IDURAR_ERP_CRM\backend\node_modules\jest-runtime\build\index.js:1047:12)
        at Runtime.requireModuleOrMock (C:\Users\LENOVO\Desktop\SQE Project\IDURAR_ERP_CRM\backend\node_modules\jest-runtime\build\index.js:1248:21)
        at Object.<anonymous> (C:\Users\LENOVO\Desktop\SQE Project\IDURAR_ERP_CRM\backend\node_modules\html-pdf\lib\index.js:1:31)
        at Runtime._execModule (C:\Users\LENOVO\Desktop\SQE Project\IDURAR_ERP_CRM\backend\node_modules\jest-runtime\build\index.js:1714:24)
        at Runtime._loadModule (C:\Users\LENOVO\Desktop\SQE Project\IDURAR_ERP_CRM\backend\node_modules\jest-runtime\build\index.js:1223:12)
        at Runtime.requireModule (C:\Users\LENOVO\Desktop\SQE Project\IDURAR_ERP_CRM\backend\node_modules\jest-runtime\build\index.js:1047:12)
        at Runtime.requireModuleOrMock (C:\Users\LENOVO\Desktop\SQE Project\IDURAR_ERP_CRM\backend\node_modules\jest-runtime\build\index.js:1248:21)
        at Object.require (C:\Users\LENOVO\Desktop\SQE Project\IDURAR_ERP_CRM\backend\src\controllers\pdfController\index.js:4:11)
        at Runtime._execModule (C:\Users\LENOVO\Desktop\SQE Project\IDURAR_ERP_CRM\backend\node_modules\jest-runtime\build\index.js:1714:24)
        at Runtime._loadModule (C:\Users\LENOVO\Desktop\SQE Project\IDURAR_ERP_CRM\backend\node_modules\jest-runtime\build\index.js:1223:12)
        at Runtime.requireModule (C:\Users\LENOVO\Desktop\SQE Project\IDURAR_ERP_CRM\backend\node_modules\jest-runtime\build\index.js:1047:12)
        at Runtime.requireModuleOrMock (C:\Users\LENOVO\Desktop\SQE Project\IDURAR_ERP_CRM\backend\node_modules\jest-runtime\build\index.js:1248:21)
        at Object.<anonymous> (C:\Users\LENOVO\Desktop\SQE Project\IDURAR_ERP_CRM\backend\src\handlers\downloadHandler\downloadPdf.js:1:24)
        at Runtime._execModule (C:\Users\LENOVO\Desktop\SQE Project\IDURAR_ERP_CRM\backend\node_modules\jest-runtime\build\index.js:1714:24)
        at Runtime._loadModule (C:\Users\LENOVO\Desktop\SQE Project\IDURAR_ERP_CRM\backend\node_modules\jest-runtime\build\index.js:1223:12)
        at Runtime.requireModule (C:\Users\LENOVO\Desktop\SQE Project\IDURAR_ERP_CRM\backend\node_modules\jest-runtime\build\index.js:1047:12)
        at Runtime.requireModuleOrMock (C:\Users\LENOVO\Desktop\SQE Project\IDURAR_ERP_CRM\backend\node_modules\jest-runtime\build\index.js:1248:21)
        at Object.<anonymous> (C:\Users\LENOVO\Desktop\SQE Project\IDURAR_ERP_CRM\backend\src\routes\coreRoutes\coreDownloadRouter.js:1:29)
        at Runtime._execModule (C:\Users\LENOVO\Desktop\SQE Project\IDURAR_ERP_CRM\backend\node_modules\jest-runtime\build\index.js:1714:24)
        at Runtime._loadModule (C:\Users\LENOVO\Desktop\SQE Project\IDURAR_ERP_CRM\backend\node_modules\jest-runtime\build\index.js:1223:12)
        at Runtime.requireModule (C:\Users\LENOVO\Desktop\SQE Project\IDURAR_ERP_CRM\backend\node_modules\jest-runtime\build\index.js:1047:12)
        at Runtime.requireModuleOrMock (C:\Users\LENOVO\Desktop\SQE Project\IDURAR_ERP_CRM\backend\node_modules\jest-runtime\build\index.js:1248:21)
        at Object.require (C:\Users\LENOVO\Desktop\SQE Project\IDURAR_ERP_CRM\backend\src\app.js:10:28)
        at Runtime._execModule (C:\Users\LENOVO\Desktop\SQE Project\IDURAR_ERP_CRM\backend\node_modules\jest-runtime\build\index.js:1714:24)
        at Runtime._loadModule (C:\Users\LENOVO\Desktop\SQE Project\IDURAR_ERP_CRM\backend\node_modules\jest-runtime\build\index.js:1223:12)
        at Runtime.requireModule (C:\Users\LENOVO\Desktop\SQE Project\IDURAR_ERP_CRM\backend\node_modules\jest-runtime\build\index.js:1047:12)
        at Runtime.requireModuleOrMock (C:\Users\LENOVO\Desktop\SQE Project\IDURAR_ERP_CRM\backend\node_modules\jest-runtime\build\index.js:1248:21)
        at Object.require (C:\Users\LENOVO\Desktop\SQE Project\IDURAR_ERP_CRM\backend\tests\integration\auth\auth.test.js:4:13)
        at Runtime._execModule (C:\Users\LENOVO\Desktop\SQE Project\IDURAR_ERP_CRM\backend\node_modules\jest-runtime\build\index.js:1714:24)
        at Runtime._loadModule (C:\Users\LENOVO\Desktop\SQE Project\IDURAR_ERP_CRM\backend\node_modules\jest-runtime\build\index.js:1223:12)
        at Runtime.requireModule (C:\Users\LENOVO\Desktop\SQE Project\IDURAR_ERP_CRM\backend\node_modules\jest-runtime\build\index.js:1047:12)
        at jestAdapter (C:\Users\LENOVO\Desktop\SQE Project\IDURAR_ERP_CRM\backend\node_modules\jest-circus\build\legacy-code-todo-rewrite\jestAdapter.js:89:13)
        at runTestInternal (C:\Users\LENOVO\Desktop\SQE Project\IDURAR_ERP_CRM\backend\node_modules\jest-runner\build\runTest.js:411:16)
        at runTest (C:\Users\LENOVO\Desktop\SQE Project\IDURAR_ERP_CRM\backend\node_modules\jest-runner\build\runTest.js:499:34) {
      code: 'MODULE_NOT_FOUND',
      hint: '',
      requireStack: undefined,
      siblingWithSimilarExtensionFound: false,
      moduleName: 'phantomjs-prebuilt',
      _originalMessage: "Cannot find module 'phantomjs-prebuilt' from 'node_modules/html-pdf/lib/pdf.js'"
    }

      at Object.<anonymous> (node_modules/html-pdf/lib/pdf.js:9:11)

  console.error
    Γ¥î Error connecting to test database: Could not connect to any servers in your MongoDB Atlas cluster. One common reason is that you're trying to access the database from an IP that isn't whitelisted. Make sure your current IP address is on your Atlas cluster's IP whitelist: https://www.mongodb.com/docs/atlas/security-whitelist/

    [0m [90m 34 |[39m     console[33m.[39mlog([32m'Γ£à Connected to test database:'[39m[33m,[39m mongoose[33m.[39mconnection[33m.[39mname)[33m;[39m
     [90m 35 |[39m   } [36mcatch[39m (error) {
    [31m[1m>[22m[39m[90m 36 |[39m     console[33m.[39merror([32m'Γ¥î Error connecting to test database:'[39m[33m,[39m error[33m.[39mmessage)[33m;[39m
     [90m    |[39m             [31m[1m^[22m[39m
     [90m 37 |[39m     [36mthrow[39m error[33m;[39m
     [90m 38 |[39m   }
     [90m 39 |[39m }[33m,[39m [35m60000[39m)[33m;[39m [90m// 60 second timeout for beforeAll[39m[0m

      at Object.error (tests/setup/setupTests.js:36:13)

node.exe : FAIL tests/integration/auth/auth.test.js (14.017 s)
At C:\Program Files\nodejs\npx.ps1:29 char:3
+   & $NODE_EXE $NPX_CLI_JS $args
+   ~~~~~~~~~~~~~~~~~~~~~~~~~~~~~
    + CategoryInfo          : NotSpecified: (FAIL tests/inte...t.js (14.017 s):String) [], RemoteException
    + FullyQualifiedErrorId : NativeCommandError
 
  Authentication API Integration Tests
    POST /api/login
      ├ù should login with valid credentials
      ├ù should reject login with invalid email
      ├ù should reject login with missing email
      ├ù should reject login with missing password
      ├ù should reject login with disabled admin account
    POST /api/logout
      ├ù should logout with valid token (1 ms)
      ├ù should reject logout without token
      ├ù should reject logout with invalid token
      ├ù should reject logout with malformed authorization header
    POST /api/forgetpassword
      ├ù should handle non-existent email
      ├ù should reject request with missing email (1 ms)
      ├ù should reject request with invalid email format
    POST /api/resetpassword
      ├ù should reject reset with missing token
      ├ù should reject reset with missing password
    Authentication Flow Integration
      ├ù should complete full authentication cycle
      ├ù should handle multiple concurrent logins
    Security Tests
      ├ù should not expose password in response
      ├ù should reject SQL injection attempts
      ├ù should reject XSS attempts in email field
    Token Management
      ├ù should generate unique tokens for each login
      ├ù should include user data in response
      ├ù should set appropriate token expiration

  ΓùÅ Authentication API Integration Tests ΓÇ║ POST /api/login ΓÇ║ should login with valid credentials

    MongooseServerSelectionError: Could not connect to any servers in your MongoDB Atlas cluster. One common reason is that 
you're trying to access the database from an IP that isn't whitelisted. Make sure your current IP address is on your Atlas 
cluster's IP whitelist: https://www.mongodb.com/docs/atlas/security-whitelist/

    [0m [90m 27 |[39m
     [90m 28 |[39m     [90m// Connect to test database with timeout[39m
    [31m[1m>[22m[39m[90m 29 |[39m     [36mawait[39m mongoose[33m.[39mconnect(mongoUri[33m,[39m {
     [90m    |[39m     [31m[1m^[22m[39m
     [90m 30 |[39m       serverSelectionTimeoutMS[33m:[39m [35m10000[39m[33m,[39m
     [90m 31 |[39m       connectTimeoutMS[33m:[39m [35m10000[39m[33m,[39m
     [90m 32 |[39m     })[33m;[39m[0m

      at _handleConnectionErrors (node_modules/mongoose/lib/connection.js:1169:11)
      at NativeConnection.openUri (node_modules/mongoose/lib/connection.js:1100:11)
      at Object.<anonymous> (tests/setup/setupTests.js:29:5)

  ΓùÅ Authentication API Integration Tests ΓÇ║ POST /api/login ΓÇ║ should reject login with invalid email

    MongooseServerSelectionError: Could not connect to any servers in your MongoDB Atlas cluster. One common reason is that 
you're trying to access the database from an IP that isn't whitelisted. Make sure your current IP address is on your Atlas 
cluster's IP whitelist: https://www.mongodb.com/docs/atlas/security-whitelist/

    [0m [90m 27 |[39m
     [90m 28 |[39m     [90m// Connect to test database with timeout[39m
    [31m[1m>[22m[39m[90m 29 |[39m     [36mawait[39m mongoose[33m.[39mconnect(mongoUri[33m,[39m {
     [90m    |[39m     [31m[1m^[22m[39m
     [90m 30 |[39m       serverSelectionTimeoutMS[33m:[39m [35m10000[39m[33m,[39m
     [90m 31 |[39m       connectTimeoutMS[33m:[39m [35m10000[39m[33m,[39m
     [90m 32 |[39m     })[33m;[39m[0m

      at _handleConnectionErrors (node_modules/mongoose/lib/connection.js:1169:11)
      at NativeConnection.openUri (node_modules/mongoose/lib/connection.js:1100:11)
      at Object.<anonymous> (tests/setup/setupTests.js:29:5)

  ΓùÅ Authentication API Integration Tests ΓÇ║ POST /api/login ΓÇ║ should reject login with missing email

    MongooseServerSelectionError: Could not connect to any servers in your MongoDB Atlas cluster. One common reason is that 
you're trying to access the database from an IP that isn't whitelisted. Make sure your current IP address is on your Atlas 
cluster's IP whitelist: https://www.mongodb.com/docs/atlas/security-whitelist/

    [0m [90m 27 |[39m
     [90m 28 |[39m     [90m// Connect to test database with timeout[39m
    [31m[1m>[22m[39m[90m 29 |[39m     [36mawait[39m mongoose[33m.[39mconnect(mongoUri[33m,[39m {
     [90m    |[39m     [31m[1m^[22m[39m
     [90m 30 |[39m       serverSelectionTimeoutMS[33m:[39m [35m10000[39m[33m,[39m
     [90m 31 |[39m       connectTimeoutMS[33m:[39m [35m10000[39m[33m,[39m
     [90m 32 |[39m     })[33m;[39m[0m

      at _handleConnectionErrors (node_modules/mongoose/lib/connection.js:1169:11)
      at NativeConnection.openUri (node_modules/mongoose/lib/connection.js:1100:11)
      at Object.<anonymous> (tests/setup/setupTests.js:29:5)

  ΓùÅ Authentication API Integration Tests ΓÇ║ POST /api/login ΓÇ║ should reject login with missing password

    MongooseServerSelectionError: Could not connect to any servers in your MongoDB Atlas cluster. One common reason is that 
you're trying to access the database from an IP that isn't whitelisted. Make sure your current IP address is on your Atlas 
cluster's IP whitelist: https://www.mongodb.com/docs/atlas/security-whitelist/

    [0m [90m 27 |[39m
     [90m 28 |[39m     [90m// Connect to test database with timeout[39m
    [31m[1m>[22m[39m[90m 29 |[39m     [36mawait[39m mongoose[33m.[39mconnect(mongoUri[33m,[39m {
     [90m    |[39m     [31m[1m^[22m[39m
     [90m 30 |[39m       serverSelectionTimeoutMS[33m:[39m [35m10000[39m[33m,[39m
     [90m 31 |[39m       connectTimeoutMS[33m:[39m [35m10000[39m[33m,[39m
     [90m 32 |[39m     })[33m;[39m[0m

      at _handleConnectionErrors (node_modules/mongoose/lib/connection.js:1169:11)
      at NativeConnection.openUri (node_modules/mongoose/lib/connection.js:1100:11)
      at Object.<anonymous> (tests/setup/setupTests.js:29:5)

  ΓùÅ Authentication API Integration Tests ΓÇ║ POST /api/login ΓÇ║ should reject login with disabled admin account

    MongooseServerSelectionError: Could not connect to any servers in your MongoDB Atlas cluster. One common reason is that 
you're trying to access the database from an IP that isn't whitelisted. Make sure your current IP address is on your Atlas 
cluster's IP whitelist: https://www.mongodb.com/docs/atlas/security-whitelist/

    [0m [90m 27 |[39m
     [90m 28 |[39m     [90m// Connect to test database with timeout[39m
    [31m[1m>[22m[39m[90m 29 |[39m     [36mawait[39m mongoose[33m.[39mconnect(mongoUri[33m,[39m {
     [90m    |[39m     [31m[1m^[22m[39m
     [90m 30 |[39m       serverSelectionTimeoutMS[33m:[39m [35m10000[39m[33m,[39m
     [90m 31 |[39m       connectTimeoutMS[33m:[39m [35m10000[39m[33m,[39m
     [90m 32 |[39m     })[33m;[39m[0m

      at _handleConnectionErrors (node_modules/mongoose/lib/connection.js:1169:11)
      at NativeConnection.openUri (node_modules/mongoose/lib/connection.js:1100:11)
      at Object.<anonymous> (tests/setup/setupTests.js:29:5)

  ΓùÅ Authentication API Integration Tests ΓÇ║ POST /api/logout ΓÇ║ should logout with valid token

    MongooseServerSelectionError: Could not connect to any servers in your MongoDB Atlas cluster. One common reason is that 
you're trying to access the database from an IP that isn't whitelisted. Make sure your current IP address is on your Atlas 
cluster's IP whitelist: https://www.mongodb.com/docs/atlas/security-whitelist/

    [0m [90m 27 |[39m
     [90m 28 |[39m     [90m// Connect to test database with timeout[39m
    [31m[1m>[22m[39m[90m 29 |[39m     [36mawait[39m mongoose[33m.[39mconnect(mongoUri[33m,[39m {
     [90m    |[39m     [31m[1m^[22m[39m
     [90m 30 |[39m       serverSelectionTimeoutMS[33m:[39m [35m10000[39m[33m,[39m
     [90m 31 |[39m       connectTimeoutMS[33m:[39m [35m10000[39m[33m,[39m
     [90m 32 |[39m     })[33m;[39m[0m

      at _handleConnectionErrors (node_modules/mongoose/lib/connection.js:1169:11)
      at NativeConnection.openUri (node_modules/mongoose/lib/connection.js:1100:11)
      at Object.<anonymous> (tests/setup/setupTests.js:29:5)

  ΓùÅ Authentication API Integration Tests ΓÇ║ POST /api/logout ΓÇ║ should reject logout without token

    MongooseServerSelectionError: Could not connect to any servers in your MongoDB Atlas cluster. One common reason is that 
you're trying to access the database from an IP that isn't whitelisted. Make sure your current IP address is on your Atlas 
cluster's IP whitelist: https://www.mongodb.com/docs/atlas/security-whitelist/

    [0m [90m 27 |[39m
     [90m 28 |[39m     [90m// Connect to test database with timeout[39m
    [31m[1m>[22m[39m[90m 29 |[39m     [36mawait[39m mongoose[33m.[39mconnect(mongoUri[33m,[39m {
     [90m    |[39m     [31m[1m^[22m[39m
     [90m 30 |[39m       serverSelectionTimeoutMS[33m:[39m [35m10000[39m[33m,[39m
     [90m 31 |[39m       connectTimeoutMS[33m:[39m [35m10000[39m[33m,[39m
     [90m 32 |[39m     })[33m;[39m[0m

      at _handleConnectionErrors (node_modules/mongoose/lib/connection.js:1169:11)
      at NativeConnection.openUri (node_modules/mongoose/lib/connection.js:1100:11)
      at Object.<anonymous> (tests/setup/setupTests.js:29:5)

  ΓùÅ Authentication API Integration Tests ΓÇ║ POST /api/logout ΓÇ║ should reject logout with invalid token

    MongooseServerSelectionError: Could not connect to any servers in your MongoDB Atlas cluster. One common reason is that 
you're trying to access the database from an IP that isn't whitelisted. Make sure your current IP address is on your Atlas 
cluster's IP whitelist: https://www.mongodb.com/docs/atlas/security-whitelist/

    [0m [90m 27 |[39m
     [90m 28 |[39m     [90m// Connect to test database with timeout[39m
    [31m[1m>[22m[39m[90m 29 |[39m     [36mawait[39m mongoose[33m.[39mconnect(mongoUri[33m,[39m {
     [90m    |[39m     [31m[1m^[22m[39m
     [90m 30 |[39m       serverSelectionTimeoutMS[33m:[39m [35m10000[39m[33m,[39m
     [90m 31 |[39m       connectTimeoutMS[33m:[39m [35m10000[39m[33m,[39m
     [90m 32 |[39m     })[33m;[39m[0m

      at _handleConnectionErrors (node_modules/mongoose/lib/connection.js:1169:11)
      at NativeConnection.openUri (node_modules/mongoose/lib/connection.js:1100:11)
      at Object.<anonymous> (tests/setup/setupTests.js:29:5)

  ΓùÅ Authentication API Integration Tests ΓÇ║ POST /api/logout ΓÇ║ should reject logout with malformed authorization header

    MongooseServerSelectionError: Could not connect to any servers in your MongoDB Atlas cluster. One common reason is that 
you're trying to access the database from an IP that isn't whitelisted. Make sure your current IP address is on your Atlas 
cluster's IP whitelist: https://www.mongodb.com/docs/atlas/security-whitelist/

    [0m [90m 27 |[39m
     [90m 28 |[39m     [90m// Connect to test database with timeout[39m
    [31m[1m>[22m[39m[90m 29 |[39m     [36mawait[39m mongoose[33m.[39mconnect(mongoUri[33m,[39m {
     [90m    |[39m     [31m[1m^[22m[39m
     [90m 30 |[39m       serverSelectionTimeoutMS[33m:[39m [35m10000[39m[33m,[39m
     [90m 31 |[39m       connectTimeoutMS[33m:[39m [35m10000[39m[33m,[39m
     [90m 32 |[39m     })[33m;[39m[0m

      at _handleConnectionErrors (node_modules/mongoose/lib/connection.js:1169:11)
      at NativeConnection.openUri (node_modules/mongoose/lib/connection.js:1100:11)
      at Object.<anonymous> (tests/setup/setupTests.js:29:5)

  ΓùÅ Authentication API Integration Tests ΓÇ║ POST /api/forgetpassword ΓÇ║ should handle non-existent email

    MongooseServerSelectionError: Could not connect to any servers in your MongoDB Atlas cluster. One common reason is that 
you're trying to access the database from an IP that isn't whitelisted. Make sure your current IP address is on your Atlas 
cluster's IP whitelist: https://www.mongodb.com/docs/atlas/security-whitelist/

    [0m [90m 27 |[39m
     [90m 28 |[39m     [90m// Connect to test database with timeout[39m
    [31m[1m>[22m[39m[90m 29 |[39m     [36mawait[39m mongoose[33m.[39mconnect(mongoUri[33m,[39m {
     [90m    |[39m     [31m[1m^[22m[39m
     [90m 30 |[39m       serverSelectionTimeoutMS[33m:[39m [35m10000[39m[33m,[39m
     [90m 31 |[39m       connectTimeoutMS[33m:[39m [35m10000[39m[33m,[39m
     [90m 32 |[39m     })[33m;[39m[0m

      at _handleConnectionErrors (node_modules/mongoose/lib/connection.js:1169:11)
      at NativeConnection.openUri (node_modules/mongoose/lib/connection.js:1100:11)
      at Object.<anonymous> (tests/setup/setupTests.js:29:5)

  ΓùÅ Authentication API Integration Tests ΓÇ║ POST /api/forgetpassword ΓÇ║ should reject request with missing email

    MongooseServerSelectionError: Could not connect to any servers in your MongoDB Atlas cluster. One common reason is that 
you're trying to access the database from an IP that isn't whitelisted. Make sure your current IP address is on your Atlas 
cluster's IP whitelist: https://www.mongodb.com/docs/atlas/security-whitelist/

    [0m [90m 27 |[39m
     [90m 28 |[39m     [90m// Connect to test database with timeout[39m
    [31m[1m>[22m[39m[90m 29 |[39m     [36mawait[39m mongoose[33m.[39mconnect(mongoUri[33m,[39m {
     [90m    |[39m     [31m[1m^[22m[39m
     [90m 30 |[39m       serverSelectionTimeoutMS[33m:[39m [35m10000[39m[33m,[39m
     [90m 31 |[39m       connectTimeoutMS[33m:[39m [35m10000[39m[33m,[39m
     [90m 32 |[39m     })[33m;[39m[0m

      at _handleConnectionErrors (node_modules/mongoose/lib/connection.js:1169:11)
      at NativeConnection.openUri (node_modules/mongoose/lib/connection.js:1100:11)
      at Object.<anonymous> (tests/setup/setupTests.js:29:5)

  ΓùÅ Authentication API Integration Tests ΓÇ║ POST /api/forgetpassword ΓÇ║ should reject request with invalid email format

    MongooseServerSelectionError: Could not connect to any servers in your MongoDB Atlas cluster. One common reason is that 
you're trying to access the database from an IP that isn't whitelisted. Make sure your current IP address is on your Atlas 
cluster's IP whitelist: https://www.mongodb.com/docs/atlas/security-whitelist/

    [0m [90m 27 |[39m
     [90m 28 |[39m     [90m// Connect to test database with timeout[39m
    [31m[1m>[22m[39m[90m 29 |[39m     [36mawait[39m mongoose[33m.[39mconnect(mongoUri[33m,[39m {
     [90m    |[39m     [31m[1m^[22m[39m
     [90m 30 |[39m       serverSelectionTimeoutMS[33m:[39m [35m10000[39m[33m,[39m
     [90m 31 |[39m       connectTimeoutMS[33m:[39m [35m10000[39m[33m,[39m
     [90m 32 |[39m     })[33m;[39m[0m

      at _handleConnectionErrors (node_modules/mongoose/lib/connection.js:1169:11)
      at NativeConnection.openUri (node_modules/mongoose/lib/connection.js:1100:11)
      at Object.<anonymous> (tests/setup/setupTests.js:29:5)

  ΓùÅ Authentication API Integration Tests ΓÇ║ POST /api/resetpassword ΓÇ║ should reject reset with missing token

    MongooseServerSelectionError: Could not connect to any servers in your MongoDB Atlas cluster. One common reason is that 
you're trying to access the database from an IP that isn't whitelisted. Make sure your current IP address is on your Atlas 
cluster's IP whitelist: https://www.mongodb.com/docs/atlas/security-whitelist/

    [0m [90m 27 |[39m
     [90m 28 |[39m     [90m// Connect to test database with timeout[39m
    [31m[1m>[22m[39m[90m 29 |[39m     [36mawait[39m mongoose[33m.[39mconnect(mongoUri[33m,[39m {
     [90m    |[39m     [31m[1m^[22m[39m
     [90m 30 |[39m       serverSelectionTimeoutMS[33m:[39m [35m10000[39m[33m,[39m
     [90m 31 |[39m       connectTimeoutMS[33m:[39m [35m10000[39m[33m,[39m
     [90m 32 |[39m     })[33m;[39m[0m

      at _handleConnectionErrors (node_modules/mongoose/lib/connection.js:1169:11)
      at NativeConnection.openUri (node_modules/mongoose/lib/connection.js:1100:11)
      at Object.<anonymous> (tests/setup/setupTests.js:29:5)

  ΓùÅ Authentication API Integration Tests ΓÇ║ POST /api/resetpassword ΓÇ║ should reject reset with missing password

    MongooseServerSelectionError: Could not connect to any servers in your MongoDB Atlas cluster. One common reason is that 
you're trying to access the database from an IP that isn't whitelisted. Make sure your current IP address is on your Atlas 
cluster's IP whitelist: https://www.mongodb.com/docs/atlas/security-whitelist/

    [0m [90m 27 |[39m
     [90m 28 |[39m     [90m// Connect to test database with timeout[39m
    [31m[1m>[22m[39m[90m 29 |[39m     [36mawait[39m mongoose[33m.[39mconnect(mongoUri[33m,[39m {
     [90m    |[39m     [31m[1m^[22m[39m
     [90m 30 |[39m       serverSelectionTimeoutMS[33m:[39m [35m10000[39m[33m,[39m
     [90m 31 |[39m       connectTimeoutMS[33m:[39m [35m10000[39m[33m,[39m
     [90m 32 |[39m     })[33m;[39m[0m

      at _handleConnectionErrors (node_modules/mongoose/lib/connection.js:1169:11)
      at NativeConnection.openUri (node_modules/mongoose/lib/connection.js:1100:11)
      at Object.<anonymous> (tests/setup/setupTests.js:29:5)

  ΓùÅ Authentication API Integration Tests ΓÇ║ Authentication Flow Integration ΓÇ║ should complete full authentication cycle

    MongooseServerSelectionError: Could not connect to any servers in your MongoDB Atlas cluster. One common reason is that 
you're trying to access the database from an IP that isn't whitelisted. Make sure your current IP address is on your Atlas 
cluster's IP whitelist: https://www.mongodb.com/docs/atlas/security-whitelist/

    [0m [90m 27 |[39m
     [90m 28 |[39m     [90m// Connect to test database with timeout[39m
    [31m[1m>[22m[39m[90m 29 |[39m     [36mawait[39m mongoose[33m.[39mconnect(mongoUri[33m,[39m {
     [90m    |[39m     [31m[1m^[22m[39m
     [90m 30 |[39m       serverSelectionTimeoutMS[33m:[39m [35m10000[39m[33m,[39m
     [90m 31 |[39m       connectTimeoutMS[33m:[39m [35m10000[39m[33m,[39m
     [90m 32 |[39m     })[33m;[39m[0m

      at _handleConnectionErrors (node_modules/mongoose/lib/connection.js:1169:11)
      at NativeConnection.openUri (node_modules/mongoose/lib/connection.js:1100:11)
      at Object.<anonymous> (tests/setup/setupTests.js:29:5)

  ΓùÅ Authentication API Integration Tests ΓÇ║ Authentication Flow Integration ΓÇ║ should handle multiple concurrent logins

    MongooseServerSelectionError: Could not connect to any servers in your MongoDB Atlas cluster. One common reason is that 
you're trying to access the database from an IP that isn't whitelisted. Make sure your current IP address is on your Atlas 
cluster's IP whitelist: https://www.mongodb.com/docs/atlas/security-whitelist/

    [0m [90m 27 |[39m
     [90m 28 |[39m     [90m// Connect to test database with timeout[39m
    [31m[1m>[22m[39m[90m 29 |[39m     [36mawait[39m mongoose[33m.[39mconnect(mongoUri[33m,[39m {
     [90m    |[39m     [31m[1m^[22m[39m
     [90m 30 |[39m       serverSelectionTimeoutMS[33m:[39m [35m10000[39m[33m,[39m
     [90m 31 |[39m       connectTimeoutMS[33m:[39m [35m10000[39m[33m,[39m
     [90m 32 |[39m     })[33m;[39m[0m

      at _handleConnectionErrors (node_modules/mongoose/lib/connection.js:1169:11)
      at NativeConnection.openUri (node_modules/mongoose/lib/connection.js:1100:11)
      at Object.<anonymous> (tests/setup/setupTests.js:29:5)

  ΓùÅ Authentication API Integration Tests ΓÇ║ Security Tests ΓÇ║ should not expose password in response

    MongooseServerSelectionError: Could not connect to any servers in your MongoDB Atlas cluster. One common reason is that 
you're trying to access the database from an IP that isn't whitelisted. Make sure your current IP address is on your Atlas 
cluster's IP whitelist: https://www.mongodb.com/docs/atlas/security-whitelist/

    [0m [90m 27 |[39m
     [90m 28 |[39m     [90m// Connect to test database with timeout[39m
    [31m[1m>[22m[39m[90m 29 |[39m     [36mawait[39m mongoose[33m.[39mconnect(mongoUri[33m,[39m {
     [90m    |[39m     [31m[1m^[22m[39m
     [90m 30 |[39m       serverSelectionTimeoutMS[33m:[39m [35m10000[39m[33m,[39m
     [90m 31 |[39m       connectTimeoutMS[33m:[39m [35m10000[39m[33m,[39m
     [90m 32 |[39m     })[33m;[39m[0m

      at _handleConnectionErrors (node_modules/mongoose/lib/connection.js:1169:11)
      at NativeConnection.openUri (node_modules/mongoose/lib/connection.js:1100:11)
      at Object.<anonymous> (tests/setup/setupTests.js:29:5)

  ΓùÅ Authentication API Integration Tests ΓÇ║ Security Tests ΓÇ║ should reject SQL injection attempts

    MongooseServerSelectionError: Could not connect to any servers in your MongoDB Atlas cluster. One common reason is that 
you're trying to access the database from an IP that isn't whitelisted. Make sure your current IP address is on your Atlas 
cluster's IP whitelist: https://www.mongodb.com/docs/atlas/security-whitelist/

    [0m [90m 27 |[39m
     [90m 28 |[39m     [90m// Connect to test database with timeout[39m
    [31m[1m>[22m[39m[90m 29 |[39m     [36mawait[39m mongoose[33m.[39mconnect(mongoUri[33m,[39m {
     [90m    |[39m     [31m[1m^[22m[39m
     [90m 30 |[39m       serverSelectionTimeoutMS[33m:[39m [35m10000[39m[33m,[39m
     [90m 31 |[39m       connectTimeoutMS[33m:[39m [35m10000[39m[33m,[39m
     [90m 32 |[39m     })[33m;[39m[0m

      at _handleConnectionErrors (node_modules/mongoose/lib/connection.js:1169:11)
      at NativeConnection.openUri (node_modules/mongoose/lib/connection.js:1100:11)
      at Object.<anonymous> (tests/setup/setupTests.js:29:5)

  ΓùÅ Authentication API Integration Tests ΓÇ║ Security Tests ΓÇ║ should reject XSS attempts in email field

    MongooseServerSelectionError: Could not connect to any servers in your MongoDB Atlas cluster. One common reason is that 
you're trying to access the database from an IP that isn't whitelisted. Make sure your current IP address is on your Atlas 
cluster's IP whitelist: https://www.mongodb.com/docs/atlas/security-whitelist/

    [0m [90m 27 |[39m
     [90m 28 |[39m     [90m// Connect to test database with timeout[39m
    [31m[1m>[22m[39m[90m 29 |[39m     [36mawait[39m mongoose[33m.[39mconnect(mongoUri[33m,[39m {
     [90m    |[39m     [31m[1m^[22m[39m
     [90m 30 |[39m       serverSelectionTimeoutMS[33m:[39m [35m10000[39m[33m,[39m
     [90m 31 |[39m       connectTimeoutMS[33m:[39m [35m10000[39m[33m,[39m
     [90m 32 |[39m     })[33m;[39m[0m

      at _handleConnectionErrors (node_modules/mongoose/lib/connection.js:1169:11)
      at NativeConnection.openUri (node_modules/mongoose/lib/connection.js:1100:11)
      at Object.<anonymous> (tests/setup/setupTests.js:29:5)

  ΓùÅ Authentication API Integration Tests ΓÇ║ Token Management ΓÇ║ should generate unique tokens for each login

    MongooseServerSelectionError: Could not connect to any servers in your MongoDB Atlas cluster. One common reason is that 
you're trying to access the database from an IP that isn't whitelisted. Make sure your current IP address is on your Atlas 
cluster's IP whitelist: https://www.mongodb.com/docs/atlas/security-whitelist/

    [0m [90m 27 |[39m
     [90m 28 |[39m     [90m// Connect to test database with timeout[39m
    [31m[1m>[22m[39m[90m 29 |[39m     [36mawait[39m mongoose[33m.[39mconnect(mongoUri[33m,[39m {
     [90m    |[39m     [31m[1m^[22m[39m
     [90m 30 |[39m       serverSelectionTimeoutMS[33m:[39m [35m10000[39m[33m,[39m
     [90m 31 |[39m       connectTimeoutMS[33m:[39m [35m10000[39m[33m,[39m
     [90m 32 |[39m     })[33m;[39m[0m

      at _handleConnectionErrors (node_modules/mongoose/lib/connection.js:1169:11)
      at NativeConnection.openUri (node_modules/mongoose/lib/connection.js:1100:11)
      at Object.<anonymous> (tests/setup/setupTests.js:29:5)

  ΓùÅ Authentication API Integration Tests ΓÇ║ Token Management ΓÇ║ should include user data in response

    MongooseServerSelectionError: Could not connect to any servers in your MongoDB Atlas cluster. One common reason is that 
you're trying to access the database from an IP that isn't whitelisted. Make sure your current IP address is on your Atlas 
cluster's IP whitelist: https://www.mongodb.com/docs/atlas/security-whitelist/

    [0m [90m 27 |[39m
     [90m 28 |[39m     [90m// Connect to test database with timeout[39m
    [31m[1m>[22m[39m[90m 29 |[39m     [36mawait[39m mongoose[33m.[39mconnect(mongoUri[33m,[39m {
     [90m    |[39m     [31m[1m^[22m[39m
     [90m 30 |[39m       serverSelectionTimeoutMS[33m:[39m [35m10000[39m[33m,[39m
     [90m 31 |[39m       connectTimeoutMS[33m:[39m [35m10000[39m[33m,[39m
     [90m 32 |[39m     })[33m;[39m[0m

      at _handleConnectionErrors (node_modules/mongoose/lib/connection.js:1169:11)
      at NativeConnection.openUri (node_modules/mongoose/lib/connection.js:1100:11)
      at Object.<anonymous> (tests/setup/setupTests.js:29:5)

  ΓùÅ Authentication API Integration Tests ΓÇ║ Token Management ΓÇ║ should set appropriate token expiration

    MongooseServerSelectionError: Could not connect to any servers in your MongoDB Atlas cluster. One common reason is that 
you're trying to access the database from an IP that isn't whitelisted. Make sure your current IP address is on your Atlas 
cluster's IP whitelist: https://www.mongodb.com/docs/atlas/security-whitelist/

    [0m [90m 27 |[39m
     [90m 28 |[39m     [90m// Connect to test database with timeout[39m
    [31m[1m>[22m[39m[90m 29 |[39m     [36mawait[39m mongoose[33m.[39mconnect(mongoUri[33m,[39m {
     [90m    |[39m     [31m[1m^[22m[39m

≡ƒ¢æ Cleaning up test environment...

Γ£à Test environment cleaned up successfully

     [90m 30 |[39m       serverSelectionTimeoutMS[33m:[39m [35m10000[39m[33m,[39m
     [90m 31 |[39m       connectTimeoutMS[33m:[39m [35m10000[39m[33m,[39m
     [90m 32 |[39m     })[33m;[39m[0m

      at _handleConnectionErrors (node_modules/mongoose/lib/connection.js:1169:11)
      at NativeConnection.openUri (node_modules/mongoose/lib/connection.js:1100:11)
      at Object.<anonymous> (tests/setup/setupTests.js:29:5)

Test Suites: 1 failed, 1 total
Tests:       22 failed, 22 total
Snapshots:   0 total
Time:        14.511 s, estimated 16 s
Ran all test suites matching /tests\\integration\\auth\\auth.test.js/i.
